// Jest Snapshot v1, https://goo.gl/fbAQLP

exports[`<CardCategory /> shold render the heading 1`] = `
.c1 {
  display: -webkit-box;
  display: -webkit-flex;
  display: -ms-flexbox;
  display: flex;
  -webkit-flex-direction: column;
  -ms-flex-direction: column;
  flex-direction: column;
  -webkit-align-items: center;
  -webkit-box-align: center;
  -ms-flex-align: center;
  align-items: center;
}

.c0 {
  background-color: #FFFFFF;
  border-radius: 8px;
  width: 100%;
  min-height: 100px;
  padding: 18px;
  -webkit-transition: all 0.4s;
  transition: all 0.4s;
  display: -webkit-box;
  display: -webkit-flex;
  display: -ms-flexbox;
  display: flex;
  -webkit-flex-direction: column;
  -ms-flex-direction: column;
  flex-direction: column;
}

.c0:hover {
  cursor: pointer;
  box-shadow: 2px 2px 10px rgba(0,0,0,0.17);
}

<article
  class="c0"
  radius="8"
>
  <div
    class="c1"
  />
</article>
`;
